Information: Updating design information... (UID-85)
 
****************************************
Report : qor
Design : sync_counter
Version: L-2016.03-SP3
Date   : Sat Mar  2 16:29:43 2019
****************************************


  Timing Path Group (none)
  -----------------------------------
  Levels of Logic:              0.000
  Critical Path Length:         0.056
  Critical Path Slack:         uninit
  Critical Path Clk Period:       n/a
  Total Negative Slack:         0.000
  No. of Violating Paths:       0.000
  Worst Hold Violation:         0.000
  Total Hold Violation:         0.000
  No. of Hold Violations:       0.000
  -----------------------------------


  Cell Count
  -----------------------------------
  Hierarchical Cell Count:          0
  Hierarchical Port Count:          0
  Leaf Cell Count:                  9
  Buf/Inv Cell Count:               1
  Buf Cell Count:                   0
  Inv Cell Count:                   1
  CT Buf/Inv Cell Count:            0
  Combinational Cell Count:         5
  Sequential Cell Count:            4
  Macro Count:                      0
  -----------------------------------


  Area
  -----------------------------------
  Combinational Area:           9.403
  Noncombinational Area:       26.431
  Buf/Inv Area:                 1.271
  Total Buffer Area:            0.000
  Total Inverter Area:          1.271
  Macro/Black Box Area:         0.000
  Net Area:                     1.894
  -----------------------------------
  Cell Area:                   35.834
  Design Area:                 37.728


  Design Rules
  -----------------------------------
  Total Number of Nets:            15
  Nets With Violations:             0
  Max Trans Violations:             0
  Max Cap Violations:               0
  -----------------------------------


  Hostname: eve.ece.pdx.edu

  Compile CPU Statistics
  -----------------------------------------
  Resource Sharing:                   0.034
  Logic Optimization:                 0.012
  Mapping Optimization:               0.146
  -----------------------------------------
  Overall Compile Time:               1.637
  Overall Compile Wall Clock Time:    1.590

  --------------------------------------------------------------------

  Design  WNS: 0.000  TNS: 0.000  Number of Violating Paths: 0


  Design (Hold)  WNS: 0.000  TNS: 0.000  Number of Violating Paths: 0

  --------------------------------------------------------------------


1
